semburst 0.1.0  python 3.11.16  numpy 2.4.6  nltk 3.9.1  macOS-26.3.1-arm64-arm-64bit
vectors sha256 91125602f730fea7ca768736c6f442e668b49db095682bf2aad375db061c21ed
params {'max_freq_rank': 100, 'min_freq': 5, 'vector_dim': 300, 'k_burst': 20, 'pca_seed': 42, 'quantile': 0.95, 'q_sweep': (0.6, 0.7, 0.8, 0.9, 0.95, 0.99), 'n_surr': 20, 'fgn_seed': 42, 'acf_lags': (1, 2, 3, 4, 5, 6, 7, 8, 9, 10, 11, 12, 13, 14, 15, 16, 17, 18, 19, 20, 21, 22, 23, 24, 25, 26, 27, 28, 29, 30, 31, 32, 33, 34, 35, 36, 37, 38, 39, 40, 41, 42, 43, 44, 45, 46, 47, 48, 49, 50, 51, 52, 53, 54, 55, 56, 57, 58, 59, 60, 61, 62, 63, 64, 65, 66, 67, 68, 69, 70, 71, 72, 73, 74, 75, 76, 77, 78, 79, 80, 81, 82, 83, 84, 85, 86, 87, 88, 89, 90, 91, 92, 93, 94, 95, 96, 97, 98, 99, 100, 101, 102, 103, 104, 105, 106, 107, 108, 109, 110, 111, 112, 113, 114, 115, 116, 117, 118, 119, 120, 121, 122, 123, 124, 125, 126, 127, 128, 129, 130, 131, 132, 133, 134, 135, 136, 137, 138, 139, 140, 141, 142, 143, 144, 145, 146, 147, 148, 149, 150, 151, 152, 153, 154, 155, 156, 157, 158, 159, 160, 161, 162, 163, 164, 165, 166, 167, 168, 169, 170, 171, 172, 173, 174, 175, 176, 177, 178, 179, 180, 181, 182, 183, 184, 185, 186, 187, 188, 189, 190, 191, 192, 193, 194, 195, 196, 197, 198, 199, 200, 201, 202, 203, 204, 205, 206, 207, 208, 209, 210, 211, 212, 213, 214, 215, 216, 217, 218, 219, 220, 221, 222, 223, 224, 225, 226, 227, 228, 229, 230, 231, 232, 233, 234, 235, 236, 237, 238, 239, 240, 241, 242, 243, 244, 245, 246, 247, 248, 249, 250, 251, 252, 253, 254, 255, 256, 257, 258, 259, 260, 261, 262, 263, 264, 265, 266, 267, 268, 269, 270, 271, 272, 273, 274, 275, 276, 277, 278, 279, 280, 281, 282, 283, 284, 285, 286, 287, 288, 289, 290, 291, 292, 293, 294, 295, 296, 297, 298, 299, 300)}
16 files
[1/16] THE_ANALYSIS_OF_MIND.txt: N=88342 M=30449 M_fgn=30449 alpha=0.7426 alpha0=0.7581 alpha_surr=0.7521 seed=42 bisect_evals=4  1 s
[2/16] darwin_beagle.txt: N=206728 M=84931 M_fgn=84931 alpha=0.6295 alpha0=0.6656 alpha_surr=0.6273 seed=42 bisect_evals=4  2 s
[3/16] darwin_origin.txt: N=151179 M=58913 M_fgn=58913 alpha=0.7705 alpha0=0.8044 alpha_surr=0.7646 seed=42 bisect_evals=4  2 s
[4/16] davidcopperfield.txt: N=363557 M=134409 M_fgn=134409 alpha=0.7273 alpha0=0.7813 alpha_surr=0.7331 seed=42 bisect_evals=3  4 s
[5/16] doriangray.txt: N=55619 M=16776 M_fgn=16776 alpha=0.8451 alpha0=0.8738 alpha_surr=0.8494 seed=42 bisect_evals=3  1 s
[6/16] eng_missisipi.txt: N=145924 M=52741 M_fgn=52741 alpha=0.7740 alpha0=0.8275 alpha_surr=0.7831 seed=42 bisect_evals=2  1 s
[7/16] eng_moby.txt: N=215652 M=82773 M_fgn=82773 alpha=0.6942 alpha0=0.7350 alpha_surr=0.6968 seed=42 bisect_evals=1  2 s
[8/16] eng_pride.txt: N=122226 M=42364 M_fgn=42364 alpha=0.6417 alpha0=0.6656 alpha_surr=0.6360 seed=42 bisect_evals=4  1 s
[9/16] eng_quixote.txt: N=403152 M=147279 M_fgn=147279 alpha=0.7108 alpha0=0.7581 alpha_surr=0.7121 seed=42 bisect_evals=4  5 s
[10/16] eng_sawyer.txt: N=71102 M=22085 M_fgn=22085 alpha=0.7885 alpha0=0.8044 alpha_surr=0.7916 seed=42 bisect_evals=4  1 s
[11/16] eng_ulysses.txt: N=264165 M=101489 M_fgn=101489 alpha=0.7632 alpha0=0.8044 alpha_surr=0.7716 seed=42 bisect_evals=4  3 s
[12/16] eng_wrnpc.txt: N=564788 M=235933 M_fgn=235933 alpha=0.7209 alpha0=0.7581 alpha_surr=0.7210 seed=42 bisect_evals=4  8 s
[13/16] great_expectations_cut_clean.txt: N=188925 M=64410 M_fgn=64410 alpha=0.6889 alpha0=0.7350 alpha_surr=0.6904 seed=42 bisect_evals=1  2 s
[14/16] kipling_junglebook.txt: N=151161 M=49522 M_fgn=49522 alpha=0.7753 alpha0=0.8275 alpha_surr=0.7777 seed=42 bisect_evals=2  2 s
[15/16] olivertwist_cut_clean.txt: N=161529 M=59729 M_fgn=59729 alpha=0.7112 alpha0=0.7581 alpha_surr=0.7175 seed=42 bisect_evals=4  2 s
[16/16] principia_newton.txt: N=112225 M=26347 M_fgn=26347 alpha=0.8152 alpha0=0.8506 alpha_surr=0.8194 seed=42 bisect_evals=4  1 s
corpus_burstiness.csv: 1920 rows, 16 files
corpus_acf.csv: 2880 rows, 16 files
corpus_dfa.csv: 320 rows, 16 files
